// Jest Snapshot v1, https://goo.gl/fbAQLP

exports[`Test if the ProjectStatus component is working as expected <ProjectStatus /> matches snapshot 1`] = `
<div>
  <div
    class="flex w-full"
  >
    <span
      class="pt-1 text-body text-primary align-inherit"
    >
      <svg
        fill="currentColor"
        height="1em"
        stroke="currentColor"
        stroke-width="0"
        viewBox="0 0 512 512"
        width="1em"
        xmlns="http://www.w3.org/2000/svg"
      >
        <path
          d="M256 8C119 8 8 119 8 256s111 248 248 248 248-111 248-248S393 8 256 8z"
        />
      </svg>
    </span>
    <span
      class="pl-2 uppercase"
    >
      Open
    </span>
  </div>
</div>
`;

exports[`test DevelopmentBanner Component should render year if post is from 2019 1`] = `
<div>
  <div
    class="py-6 overflow-hidden bg-warning text-center"
  >
    <h4>
      ⚠️ This is a beta site.
       
      <a
        class="underline hover:no-underline"
        href="/contact"
      >
        We welcome feedback!
      </a>
       
      ⚠️
    </h4>
  </div>
</div>
`;
